INFO:werkzeug:[31m[1mWARNING: This is a development server. Do not use it in a production deployment. Use a production WSGI server instead.[0m
 * Running on http://127.0.0.1:8000
INFO:werkzeug:[33mPress CTRL+C to quit[0m
ERROR:app1:Exception on / [GET]
Traceback (most recent call last):
  File "C:\Users\Vansh\AppData\Local\Programs\Python\Python311\Lib\site-packages\flask\app.py", line 1455, in wsgi_app
    response = self.full_dispatch_request()
               ^^^^^^^^^^^^^^^^^^^^^^^^^^^^
  File "C:\Users\Vansh\AppData\Local\Programs\Python\Python311\Lib\site-packages\flask\app.py", line 869, in full_dispatch_request
    rv = self.handle_user_exception(e)
         ^^^^^^^^^^^^^^^^^^^^^^^^^^^^^
  File "C:\Users\Vansh\AppData\Local\Programs\Python\Python311\Lib\site-packages\flask\app.py", line 867, in full_dispatch_request
    rv = self.dispatch_request()
         ^^^^^^^^^^^^^^^^^^^^^^^
  File "C:\Users\Vansh\AppData\Local\Programs\Python\Python311\Lib\site-packages\flask\app.py", line 852, in dispatch_request
    return self.ensure_sync(self.view_functions[rule.endpoint])(**view_args)
           ^^^^^^^^^^^^^^^^^^^^^^^^^^^^^^^^^^^^^^^^^^^^^^^^^^^^^^^^^^^^^^^^^
  File "D:\Image_Scrapping\Image_Scrapper\Image_Scrapper\app1.py", line 16, in homepage
    return render_tempelate('index.html')
           ^^^^^^^^^^^^^^^^
NameError: name 'render_tempelate' is not defined
INFO:werkzeug:127.0.0.1 - - [22/Mar/2025 18:04:38] "[35m[1mGET / HTTP/1.1[0m" 500 -
INFO:werkzeug:127.0.0.1 - - [22/Mar/2025 18:04:38] "[33mGET /favicon.ico HTTP/1.1[0m" 404 -
INFO:werkzeug:[31m[1mWARNING: This is a development server. Do not use it in a production deployment. Use a production WSGI server instead.[0m
 * Running on http://127.0.0.1:8000
INFO:werkzeug:[33mPress CTRL+C to quit[0m
ERROR:app1:Exception on / [GET]
Traceback (most recent call last):
  File "C:\Users\Vansh\AppData\Local\Programs\Python\Python311\Lib\site-packages\flask\app.py", line 1455, in wsgi_app
    response = self.full_dispatch_request()
               ^^^^^^^^^^^^^^^^^^^^^^^^^^^^
  File "C:\Users\Vansh\AppData\Local\Programs\Python\Python311\Lib\site-packages\flask\app.py", line 869, in full_dispatch_request
    rv = self.handle_user_exception(e)
         ^^^^^^^^^^^^^^^^^^^^^^^^^^^^^
  File "C:\Users\Vansh\AppData\Local\Programs\Python\Python311\Lib\site-packages\flask\app.py", line 867, in full_dispatch_request
    rv = self.dispatch_request()
         ^^^^^^^^^^^^^^^^^^^^^^^
  File "C:\Users\Vansh\AppData\Local\Programs\Python\Python311\Lib\site-packages\flask\app.py", line 852, in dispatch_request
    return self.ensure_sync(self.view_functions[rule.endpoint])(**view_args)
           ^^^^^^^^^^^^^^^^^^^^^^^^^^^^^^^^^^^^^^^^^^^^^^^^^^^^^^^^^^^^^^^^^
  File "D:\Image_Scrapping\Image_Scrapper\Image_Scrapper\app1.py", line 16, in homepage
    return render_tempelate('index.html')
           ^^^^^^^^^^^^^^^^
NameError: name 'render_tempelate' is not defined
INFO:werkzeug:127.0.0.1 - - [22/Mar/2025 18:05:33] "[35m[1mGET / HTTP/1.1[0m" 500 -
ERROR:app1:Exception on / [GET]
Traceback (most recent call last):
  File "C:\Users\Vansh\AppData\Local\Programs\Python\Python311\Lib\site-packages\flask\app.py", line 1455, in wsgi_app
    response = self.full_dispatch_request()
               ^^^^^^^^^^^^^^^^^^^^^^^^^^^^
  File "C:\Users\Vansh\AppData\Local\Programs\Python\Python311\Lib\site-packages\flask\app.py", line 869, in full_dispatch_request
    rv = self.handle_user_exception(e)
         ^^^^^^^^^^^^^^^^^^^^^^^^^^^^^
  File "C:\Users\Vansh\AppData\Local\Programs\Python\Python311\Lib\site-packages\flask\app.py", line 867, in full_dispatch_request
    rv = self.dispatch_request()
         ^^^^^^^^^^^^^^^^^^^^^^^
  File "C:\Users\Vansh\AppData\Local\Programs\Python\Python311\Lib\site-packages\flask\app.py", line 852, in dispatch_request
    return self.ensure_sync(self.view_functions[rule.endpoint])(**view_args)
           ^^^^^^^^^^^^^^^^^^^^^^^^^^^^^^^^^^^^^^^^^^^^^^^^^^^^^^^^^^^^^^^^^
  File "D:\Image_Scrapping\Image_Scrapper\Image_Scrapper\app1.py", line 16, in homepage
    return render_tempelate('index.html')
           ^^^^^^^^^^^^^^^^
NameError: name 'render_tempelate' is not defined
INFO:werkzeug:127.0.0.1 - - [22/Mar/2025 18:05:35] "[35m[1mGET / HTTP/1.1[0m" 500 -
ERROR:app1:Exception on / [GET]
Traceback (most recent call last):
  File "C:\Users\Vansh\AppData\Local\Programs\Python\Python311\Lib\site-packages\flask\app.py", line 1455, in wsgi_app
    response = self.full_dispatch_request()
               ^^^^^^^^^^^^^^^^^^^^^^^^^^^^
  File "C:\Users\Vansh\AppData\Local\Programs\Python\Python311\Lib\site-packages\flask\app.py", line 869, in full_dispatch_request
    rv = self.handle_user_exception(e)
         ^^^^^^^^^^^^^^^^^^^^^^^^^^^^^
  File "C:\Users\Vansh\AppData\Local\Programs\Python\Python311\Lib\site-packages\flask\app.py", line 867, in full_dispatch_request
    rv = self.dispatch_request()
         ^^^^^^^^^^^^^^^^^^^^^^^
  File "C:\Users\Vansh\AppData\Local\Programs\Python\Python311\Lib\site-packages\flask\app.py", line 852, in dispatch_request
    return self.ensure_sync(self.view_functions[rule.endpoint])(**view_args)
           ^^^^^^^^^^^^^^^^^^^^^^^^^^^^^^^^^^^^^^^^^^^^^^^^^^^^^^^^^^^^^^^^^
  File "D:\Image_Scrapping\Image_Scrapper\Image_Scrapper\app1.py", line 16, in homepage
    return render_tempelate('index.html')
           ^^^^^^^^^^^^^^^^
NameError: name 'render_tempelate' is not defined
INFO:werkzeug:127.0.0.1 - - [22/Mar/2025 18:05:45] "[35m[1mGET / HTTP/1.1[0m" 500 -
INFO:werkzeug:[31m[1mWARNING: This is a development server. Do not use it in a production deployment. Use a production WSGI server instead.[0m
 * Running on http://127.0.0.1:8000
INFO:werkzeug:[33mPress CTRL+C to quit[0m
INFO:werkzeug:127.0.0.1 - - [22/Mar/2025 18:06:57] "GET / HTTP/1.1" 200 -
INFO:werkzeug:127.0.0.1 - - [22/Mar/2025 18:06:57] "GET /static/css/main.css HTTP/1.1" 200 -
INFO:werkzeug:127.0.0.1 - - [22/Mar/2025 18:06:57] "GET /static/css/style.css HTTP/1.1" 200 -
INFO:root:a bytes-like object is required, not 'list'
INFO:root:a bytes-like object is required, not 'list'
INFO:werkzeug:127.0.0.1 - - [22/Mar/2025 18:07:03] "POST /review HTTP/1.1" 200 -
INFO:werkzeug:127.0.0.1 - - [22/Mar/2025 18:07:03] "POST /review HTTP/1.1" 200 -
INFO:root:a bytes-like object is required, not 'list'
INFO:werkzeug:127.0.0.1 - - [22/Mar/2025 18:07:53] "POST /review HTTP/1.1" 200 -
